conda.exe : ERROR conda.cli.main_run:execute(127): `conda run python -m pytest 
tests/ -q --tb=short` failed. (See above for error)
所在位置 D:\Programs\Anaconda\shell\condabin\Conda.psm1:153 字符: 17
+ ...             & $Env:CONDA_EXE $Env:_CE_M $Env:_CE_CONDA $Command @Othe ...
+                 ~~~~~~~~~~~~~~~~~~~~~~~~~~~~~~~~~~~~~~~~~~~~~~~~~~~~~~~~~
    + CategoryInfo          : NotSpecified: (ERROR conda.cli...bove for error) 
   :String) [], RemoteException
    + FullyQualifiedErrorId : NativeCommandError
 
........................................................................ [ 10%]
..............................................................s......... [ 20%]
........................................................................ [ 31%]
........................................................................ [ 41%]
........................................................................ [ 51%]
........................................................................ [ 62%]
..F..................................................................... [ 72%]
........................................................................ [ 83%]
........................................................................ [ 93%]
.............................................                            [100%]
================================== FAILURES ===================================
______________ test_image_domain_sidecar_disabled_in_paper_mode _______________
tests\test_paper_path_closure_regressions.py:257: in test_image_domain_sidecar_disabled_in_paper_mode
    assert sidecar_enabled(cfg) is False
E   AssertionError: assert True is False
E    +  where True = <function _is_image_domain_sidecar_enabled at 0x00000242F0840220>({'ablation': {'enable_anchor': None, 'enable_content': None, 'enable_geometry': None, 'enable_hf': None, ...}, 'allow_nonempty_run_root': False, 'allow_nonempty_run_root_reason': None, 'allow_threshold_fallback_for_tests': False, ...})
=========================== short test summary info ===========================
FAILED tests/test_paper_path_closure_regressions.py::test_image_domain_sidecar_disabled_in_paper_mode
1 failed, 691 passed, 2 skipped in 5465.04s (1:31:05)

